note: generating format "latex"
note: downloading tectonic-format-latex.tex
note: downloading xelatex.ini
note: downloading latex.ltx
note: downloading texsys.cfg
note: downloading expl3.ltx
note: downloading expl3-code.tex
note: downloading cmr10.tfm
note: downloading UnicodeData.txt
note: downloading CaseFolding.txt
note: downloading SpecialCasing.txt
note: downloading fonttext.cfg
note: downloading fonttext.ltx
note: downloading omlenc.def
note: downloading omsenc.def
note: downloading ot1enc.def
note: downloading t1enc.def
note: downloading ts1enc.def
note: downloading tuenc.def
note: downloading tulmr.fd
note: downloading tulmss.fd
note: downloading tulmtt.fd
note: downloading ts1lmr.fd
note: downloading t1cmr.fd
note: downloading ot1cmr.fd
note: downloading ot1cmss.fd
note: downloading ot1cmtt.fd
note: downloading fontmath.cfg
note: downloading fontmath.ltx
note: downloading omlcmm.fd
note: downloading omscmsy.fd
note: downloading omxcmex.fd
note: downloading ucmr.fd
note: downloading preload.cfg
note: downloading preload.ltx
note: downloading cmex10.tfm
note: downloading line10.tfm
note: downloading linew10.tfm
note: downloading lcircle10.tfm
note: downloading lcirclew10.tfm
note: downloading cmr5.tfm
note: downloading cmr7.tfm
note: downloading cmmi5.tfm
note: downloading cmmi7.tfm
note: downloading cmmi10.tfm
note: downloading cmsy5.tfm
note: downloading cmsy7.tfm
note: downloading cmsy10.tfm
note: downloading atveryend.sty
note: downloading atveryend-ltx.sty
note: downloading atbegshi.sty
note: downloading atbegshi-ltx.sty
note: downloading load-unicode-data.tex
note: downloading hyphen.cfg
note: downloading xebabel.def
note: downloading language.dat
note: downloading hyphen.tex
note: downloading dumyhyph.tex
note: downloading zerohyph.tex
note: downloading dehypht-x-2022-03-16.tex
note: downloading dehypht-x-2022-03-16.pat
note: downloading dehyphn-x-2022-03-16.tex
note: downloading dehyphn-x-2022-03-16.pat
note: downloading loadhyph-af.tex
note: downloading hyph-af.tex
note: downloading hyph-quote-af.tex
note: downloading loadhyph-grc.tex
note: downloading hyph-grc.tex
note: downloading ibyhyph.tex
note: downloading loadhyph-hy.tex
note: downloading hyph-hy.tex
note: downloading loadhyph-eu.tex
note: downloading hyph-eu.tex
note: downloading loadhyph-be.tex
note: downloading hyph-be.tex
note: downloading hyph-quote-be.tex
note: downloading loadhyph-bg.tex
note: downloading hyph-bg.tex
note: downloading loadhyph-ca.tex
note: downloading hyph-ca.tex
note: downloading loadhyph-zh-latn-pinyin.tex
note: downloading hyph-zh-latn-pinyin.tex
note: downloading loadhyph-cu.tex
note: downloading hyph-cu.tex
note: downloading loadhyph-cop.tex
note: downloading hyph-cop.tex
note: downloading loadhyph-hr.tex
note: downloading hyph-hr.tex
note: downloading loadhyph-cs.tex
note: downloading hyph-cs.tex
note: downloading loadhyph-da.tex
note: downloading hyph-da.tex
note: downloading loadhyph-nl.tex
note: downloading hyph-nl.tex
note: downloading loadhyph-en-gb.tex
note: downloading hyph-en-gb.tex
note: downloading loadhyph-en-us.tex
note: downloading hyph-en-us.tex
note: downloading loadhyph-eo.tex
note: downloading hyph-eo.tex
note: downloading loadhyph-et.tex
note: downloading hyph-et.tex
note: downloading loadhyph-mul-ethi.tex
note: downloading hyph-mul-ethi.tex
note: downloading loadhyph-fi.tex
note: downloading hyph-fi.tex
note: downloading loadhyph-fi-x-school.tex
note: downloading hyph-fi-x-school.tex
note: downloading loadhyph-fr.tex
note: downloading hyph-fr.tex
note: downloading hyph-quote-fr.tex
note: downloading loadhyph-fur.tex
note: downloading hyph-fur.tex
note: downloading hyph-quote-fur.tex
note: downloading loadhyph-gl.tex
note: downloading hyph-gl.tex
note: downloading loadhyph-ka.tex
note: downloading hyph-ka.tex
note: downloading loadhyph-de-1901.tex
note: downloading hyph-de-1901.tex
note: downloading loadhyph-de-1996.tex
note: downloading hyph-de-1996.tex
note: downloading loadhyph-de-ch-1901.tex
note: downloading hyph-de-ch-1901.tex
note: downloading loadhyph-el-polyton.tex
note: downloading hyph-el-polyton.tex
note: downloading loadhyph-el-monoton.tex
note: downloading hyph-el-monoton.tex
note: downloading loadhyph-hu.tex
note: downloading hyph-hu.tex
note: downloading loadhyph-is.tex
note: downloading hyph-is.tex
note: downloading loadhyph-as.tex
note: downloading hyph-as.tex
note: downloading loadhyph-bn.tex
note: downloading hyph-bn.tex
note: downloading loadhyph-gu.tex
note: downloading hyph-gu.tex
note: downloading loadhyph-hi.tex
note: downloading hyph-hi.tex
note: downloading loadhyph-kn.tex
note: downloading hyph-kn.tex
note: downloading loadhyph-ml.tex
note: downloading hyph-ml.tex
note: downloading loadhyph-mr.tex
note: downloading hyph-mr.tex
note: downloading loadhyph-or.tex
note: downloading hyph-or.tex
note: downloading loadhyph-pi.tex
note: downloading hyph-pi.tex
note: downloading loadhyph-pa.tex
note: downloading hyph-pa.tex
note: downloading loadhyph-ta.tex
note: downloading hyph-ta.tex
note: downloading loadhyph-te.tex
note: downloading hyph-te.tex
note: downloading loadhyph-id.tex
note: downloading hyph-id.tex
note: downloading loadhyph-ia.tex
note: downloading hyph-ia.tex
note: downloading loadhyph-ga.tex
note: downloading hyph-ga.tex
note: downloading loadhyph-it.tex
note: downloading hyph-it.tex
note: downloading hyph-quote-it.tex
note: downloading loadhyph-kmr.tex
note: downloading hyph-kmr.tex
note: downloading loadhyph-la-x-classic.tex
note: downloading hyph-la-x-classic.tex
note: downloading loadhyph-la.tex
note: downloading hyph-la.tex
note: downloading loadhyph-la-x-liturgic.tex
note: downloading hyph-la-x-liturgic.tex
note: downloading loadhyph-lv.tex
note: downloading hyph-lv.tex
note: downloading loadhyph-lt.tex
note: downloading hyph-lt.tex
note: downloading loadhyph-mk.tex
note: downloading hyph-mk.tex
note: downloading loadhyph-mn-cyrl.tex
note: downloading hyph-mn-cyrl.tex
note: downloading loadhyph-mn-cyrl-x-lmc.tex
note: downloading hyph-mn-cyrl-x-lmc.tex
note: downloading loadhyph-nb.tex
note: downloading hyph-nb.tex
note: downloading hyph-no.tex
note: downloading loadhyph-nn.tex
note: downloading hyph-nn.tex
note: downloading loadhyph-oc.tex
note: downloading hyph-oc.tex
note: downloading hyph-quote-oc.tex
note: downloading loadhyph-pms.tex
note: downloading hyph-pms.tex
note: downloading hyph-quote-pms.tex
note: downloading loadhyph-pl.tex
note: downloading hyph-pl.tex
note: downloading loadhyph-pt.tex
note: downloading hyph-pt.tex
note: downloading loadhyph-ro.tex
note: downloading hyph-ro.tex
note: downloading loadhyph-rm.tex
note: downloading hyph-rm.tex
note: downloading hyph-quote-rm.tex
note: downloading loadhyph-ru.tex
note: downloading hyph-ru.tex
note: downloading loadhyph-sa.tex
note: downloading hyph-sa.tex
note: downloading loadhyph-sr-latn.tex
note: downloading hyph-sh-latn.tex
note: downloading hyph-sh-cyrl.tex
note: downloading loadhyph-sr-cyrl.tex
note: downloading loadhyph-sk.tex
note: downloading hyph-sk.tex
note: downloading loadhyph-sl.tex
note: downloading hyph-sl.tex
note: downloading loadhyph-es.tex
note: downloading hyph-es.tex
note: downloading loadhyph-sv.tex
note: downloading hyph-sv.tex
note: downloading loadhyph-th.tex
note: downloading hyph-th.tex
note: downloading loadhyph-tr.tex
note: downloading hyph-tr.tex
note: downloading loadhyph-tk.tex
note: downloading hyph-tk.tex
note: downloading loadhyph-uk.tex
note: downloading hyph-uk.tex
note: downloading hyph-quote-uk.tex
note: downloading loadhyph-hsb.tex
note: downloading hyph-hsb.tex
note: downloading loadhyph-cy.tex
note: downloading hyph-cy.tex
note: downloading latex2e-first-aid-for-external-files.ltx
note: Running TeX ...
note: downloading article.cls
note: downloading size10.clo
note: downloading lmroman10-regular.otf
note: downloading tex-text.tec
note: downloading times.sty
note: downloading xspace.sty
note: downloading xcolor.sty
note: downloading color.cfg
note: downloading xetex.def
note: downloading dvipsnam.def
note: downloading graphicx.sty
note: downloading keyval.sty
note: downloading graphics.sty
note: downloading trig.sty
note: downloading graphics.cfg
note: downloading amsmath.sty
note: downloading amsopn.sty
note: downloading amstext.sty
note: downloading amsgen.sty
note: downloading amsbsy.sty
note: downloading amssymb.sty
note: downloading amsfonts.sty
note: downloading booktabs.sty
note: downloading natbib.sty
note: downloading silence.sty
note: downloading etoolbox.sty
note: downloading caption.sty
note: downloading caption3.sty
note: downloading subcaption.sty
note: downloading url.sty
note: downloading phvb.tfm
note: downloading ptmb.tfm
note: downloading enumitem.sty
note: downloading multirow.sty
note: downloading xurl.sty
note: downloading hyperref.sty
note: downloading ltxcmds.sty
note: downloading iftex.sty
note: downloading pdftexcmds.sty
note: downloading infwarerr.sty
note: downloading kvsetkeys.sty
note: downloading kvdefinekeys.sty
note: downloading pdfescape.sty
note: downloading hycolor.sty
note: downloading letltxmacro.sty
note: downloading auxhook.sty
note: downloading kvoptions.sty
note: downloading pd1enc.def
note: downloading intcalc.sty
note: downloading etexcmds.sty
note: downloading puenc.def
note: downloading backref.sty
note: downloading rerunfilecheck.sty
note: downloading uniquecounter.sty
note: downloading bigintcalc.sty
note: downloading pzdr.tfm
note: downloading bitset.sty
note: downloading hxetex.def
note: downloading stringenc.sty
note: downloading cleveref.sty
note: downloading l3backend-xetex.def
note: downloading ts1cmr.fd
note: downloading color.sty
note: downloading nameref.sty
note: downloading refcount.sty
note: downloading gettitlestring.sty
note: downloading lmroman12-regular.otf
note: downloading cmr12.tfm
note: downloading cmr8.tfm
note: downloading cmr6.tfm
note: downloading cmmi12.tfm
note: downloading cmmi8.tfm
note: downloading cmmi6.tfm
note: downloading cmsy8.tfm
note: downloading cmsy6.tfm
note: downloading cmex8.tfm
note: downloading cmex7.tfm
note: downloading umsa.fd
note: downloading msam10.tfm
note: downloading msam7.tfm
note: downloading umsb.fd
note: downloading msbm10.tfm
note: downloading msbm7.tfm
note: downloading lmroman9-regular.otf
note: downloading msam5.tfm
note: downloading msbm5.tfm
note: downloading lmroman7-regular.otf
note: downloading lmroman8-regular.otf
note: downloading lmroman6-regular.otf
note: downloading cmbx10.tfm
note: downloading cmbx7.tfm
note: downloading cmbx5.tfm
note: downloading lmroman5-regular.otf
note: downloading cmr9.tfm
note: downloading cmmi9.tfm
note: downloading cmsy9.tfm
note: downloading cmex9.tfm
note: downloading cmbx9.tfm
note: downloading cmbx6.tfm
warning: baseball2vector_en_revision.tex:178: Overfull \hbox (53.42017pt too wide) in paragraph at lines 169--178
note: Rerunning TeX because "baseball2vector_en_revision.out" changed ...
warning: baseball2vector_en_revision.tex:178: Overfull \hbox (53.42017pt too wide) in paragraph at lines 169--178
note: Rerunning TeX because "baseball2vector_en_revision.brf" changed ...
warning: baseball2vector_en_revision.tex:178: Overfull \hbox (53.42017pt too wide) in paragraph at lines 169--178
warning: warnings were issued by the TeX engine; use --print and/or --keep-logs for details.
note: Running xdvipdfmx ...
note: downloading pdftex.map
note: downloading kanjix.map
note: downloading ckx.map
note: downloading texglyphlist.txt
note: downloading pdfglyphlist.txt
note: downloading glyphlist.txt
note: downloading cmsy10.pfb
note: downloading cmmi10.pfb
note: downloading cmr7.pfb
note: downloading cmr10.pfb
note: downloading ptmb.vf
note: downloading ptmb8r.tfm
note: downloading 8r.enc
note: downloading utmb8a.pfb
note: downloading cmmi7.pfb
note: downloading cmsy7.pfb
note: downloading cmbx10.pfb
note: downloading cmex10.pfb
note: downloading cmmi9.pfb
note: downloading cmr9.pfb
note: downloading cmr5.pfb
note: downloading cmmi6.pfb
note: downloading cmr6.pfb
note: Writing `baseball2vector_en_revision.brf` (745 B)
note: Writing `baseball2vector_en_revision.out` (3.1123046875 KiB)
note: Writing `baseball2vector_en_revision.log` (16.2294921875 KiB)
note: Writing `baseball2vector_en_revision.aux` (14.09765625 KiB)
note: Writing `baseball2vector_en_revision.pdf` (171.50390625 KiB)
