note: Running TeX ...
warning: baseball2vector_en_revision.tex:58: Underfull \hbox (badness 1484) in paragraph at lines 57--58
warning: baseball2vector_en_revision.tex:58: Underfull \hbox (badness 3746) in paragraph at lines 57--58
warning: baseball2vector_en_revision.tex:58: Underfull \hbox (badness 4060) in paragraph at lines 57--58
warning: baseball2vector_en_revision.tex:58: Underfull \hbox (badness 1533) in paragraph at lines 57--58
warning: baseball2vector_en_revision.tex:60: Underfull \hbox (badness 1748) in paragraph at lines 59--60
warning: baseball2vector_en_revision.tex:111: Underfull \hbox (badness 10000) in paragraph at lines 110--111
warning: baseball2vector_en_revision.tex:111: Underfull \hbox (badness 4779) in paragraph at lines 110--111
warning: baseball2vector_en_revision.tex:121: Underfull \hbox (badness 1194) in paragraph at lines 120--121
warning: baseball2vector_en_revision.tex:121: Underfull \vbox (badness 10000) has occurred while \output is active
warning: baseball2vector_en_revision.tex:131: Underfull \vbox (badness 10000) has occurred while \output is active
note: Rerunning TeX because "baseball2vector_en_revision.aux" changed ...
warning: baseball2vector_en_revision.tex:58: Underfull \hbox (badness 1484) in paragraph at lines 57--58
warning: baseball2vector_en_revision.tex:58: Underfull \hbox (badness 3746) in paragraph at lines 57--58
warning: baseball2vector_en_revision.tex:58: Underfull \hbox (badness 4060) in paragraph at lines 57--58
warning: baseball2vector_en_revision.tex:58: Underfull \hbox (badness 1533) in paragraph at lines 57--58
warning: baseball2vector_en_revision.tex:60: Underfull \hbox (badness 1748) in paragraph at lines 59--60
warning: baseball2vector_en_revision.tex:111: Underfull \hbox (badness 10000) in paragraph at lines 110--111
warning: baseball2vector_en_revision.tex:111: Underfull \hbox (badness 4779) in paragraph at lines 110--111
warning: baseball2vector_en_revision.tex:121: Underfull \hbox (badness 1194) in paragraph at lines 120--121
warning: baseball2vector_en_revision.tex:121: Underfull \vbox (badness 10000) has occurred while \output is active
warning: baseball2vector_en_revision.tex:131: Underfull \vbox (badness 10000) has occurred while \output is active
warning: warnings were issued by the TeX engine; use --print and/or --keep-logs for details.
note: Running xdvipdfmx ...
note: Writing `baseball2vector_en_revision.log` (16.0888671875 KiB)
note: Writing `baseball2vector_en_revision.aux` (6.3935546875 KiB)
note: Writing `baseball2vector_en_revision.pdf` (154.3271484375 KiB)
note: Writing `baseball2vector_en_revision.out` (2.5712890625 KiB)
