/home/i2slab4/baseball-strategy-agents/baseball2vec/final_academic_revision/run_20260808_054320/experiments/scripts/common.py:129: ConstantInputWarning: An input array is constant; the correlation coefficient is not defined.
  return float(spearmanr(y, pred).statistic)
metric                             mae        r2  spearman
model                                                     
B2V + age + PA Ridge         18.027933  0.288488  0.522214
B2V Ridge                    18.026684  0.279911  0.507851
Calibrated wRC+ Ridge        19.219504  0.205730  0.448688
Carry-forward wRC+           22.349162 -0.101755  0.448688
League mean                  22.274336 -0.000688       NaN
wRC+ + B2V + age + PA Ridge  18.056895  0.286303  0.519662
wRC+ + age + PA Ridge        19.181959  0.220162  0.463169

Paired improvements:
                   candidate              baseline   metric  improvement    ci_low  ci_high                direction  positive_means_candidate_better            bootstrap_unit  n_boot
                  B2V Ridge    Carry-forward wRC+      mae     4.322478  2.946704 5.838273 baseline minus candidate                             True held-out stable player ID    2000
                  B2V Ridge    Carry-forward wRC+       r2     0.381666  0.259247 0.525302 candidate minus baseline                             True held-out stable player ID    2000
                  B2V Ridge    Carry-forward wRC+ spearman     0.059163  0.002307 0.119873 candidate minus baseline                             True held-out stable player ID    2000
                  B2V Ridge Calibrated wRC+ Ridge      mae     1.192821  0.402622 2.012344 baseline minus candidate                             True held-out stable player ID    2000
                  B2V Ridge Calibrated wRC+ Ridge       r2     0.074181  0.021919 0.122322 candidate minus baseline                             True held-out stable player ID    2000
                  B2V Ridge Calibrated wRC+ Ridge spearman     0.059163  0.002307 0.119873 candidate minus baseline                             True held-out stable player ID    2000
      wRC+ + age + PA Ridge Calibrated wRC+ Ridge      mae     0.037546 -0.495707 0.542963 baseline minus candidate                             True held-out stable player ID    2000
      wRC+ + age + PA Ridge Calibrated wRC+ Ridge       r2     0.014432 -0.021015 0.049296 candidate minus baseline                             True held-out stable player ID    2000
      wRC+ + age + PA Ridge Calibrated wRC+ Ridge spearman     0.014481 -0.034031 0.064330 candidate minus baseline                             True held-out stable player ID    2000
       B2V + age + PA Ridge             B2V Ridge      mae    -0.001250 -0.375918 0.367617 baseline minus candidate                             True held-out stable player ID    2000
       B2V + age + PA Ridge             B2V Ridge       r2     0.008578 -0.012865 0.030771 candidate minus baseline                             True held-out stable player ID    2000
       B2V + age + PA Ridge             B2V Ridge spearman     0.014363 -0.011110 0.039396 candidate minus baseline                             True held-out stable player ID    2000
       B2V + age + PA Ridge wRC+ + age + PA Ridge      mae     1.154025  0.404059 1.880410 baseline minus candidate                             True held-out stable player ID    2000
       B2V + age + PA Ridge wRC+ + age + PA Ridge       r2     0.068326  0.019606 0.114108 candidate minus baseline                             True held-out stable player ID    2000
       B2V + age + PA Ridge wRC+ + age + PA Ridge spearman     0.059045  0.007652 0.111850 candidate minus baseline                             True held-out stable player ID    2000
wRC+ + B2V + age + PA Ridge wRC+ + age + PA Ridge      mae     1.125063  0.304332 1.929049 baseline minus candidate                             True held-out stable player ID    2000
wRC+ + B2V + age + PA Ridge wRC+ + age + PA Ridge       r2     0.066141  0.013353 0.116758 candidate minus baseline                             True held-out stable player ID    2000
wRC+ + B2V + age + PA Ridge wRC+ + age + PA Ridge spearman     0.056493  0.000427 0.115727 candidate minus baseline                             True held-out stable player ID    2000
wRC+ + B2V + age + PA Ridge  B2V + age + PA Ridge      mae    -0.028962 -0.144660 0.086427 baseline minus candidate                             True held-out stable player ID    2000
wRC+ + B2V + age + PA Ridge  B2V + age + PA Ridge       r2    -0.002185 -0.009353 0.005222 candidate minus baseline                             True held-out stable player ID    2000
wRC+ + B2V + age + PA Ridge  B2V + age + PA Ridge spearman    -0.002552 -0.011163 0.006411 candidate minus baseline                             True held-out stable player ID    2000

Python 3.14.6; alpha grid [0.01, 0.1, 1.0, 10.0, 100.0, 1000.0]; executable /home/i2slab4/miniconda3/bin/python
