       dimension       subset  n_pairs  n_players  pearson  pearson_ci_low  pearson_ci_high  spearman  spearman_ci_low  spearman_ci_high   bootstrap_unit  n_boot              pa_definition
         Contact      Overall     1414        567 0.751014        0.715754         0.782255  0.733912         0.696617          0.765383 stable player ID    2000 minimum of PA_t and PA_t+1
           Power      Overall     1414        567 0.747784        0.706104         0.781230  0.729966         0.691977          0.759515 stable player ID    2000 minimum of PA_t and PA_t+1
Plate Discipline      Overall     1414        567 0.774826        0.739747         0.803986  0.759973         0.724516          0.788771 stable player ID    2000 minimum of PA_t and PA_t+1
         Defense      Overall     1414        567 0.586446        0.533611         0.632273  0.567821         0.515556          0.613407 stable player ID    2000 minimum of PA_t and PA_t+1
           Speed      Overall     1414        567 0.639488        0.600787         0.674389  0.626158         0.577524          0.666749 stable player ID    2000 minimum of PA_t and PA_t+1
         Contact      100-249      507        346 0.625644        0.565510         0.677156  0.603524         0.535568          0.661634 stable player ID    2000 minimum of PA_t and PA_t+1
           Power      100-249      507        346 0.579476        0.510477         0.642924  0.571570         0.495681          0.637281 stable player ID    2000 minimum of PA_t and PA_t+1
Plate Discipline      100-249      507        346 0.719496        0.670119         0.762628  0.718597         0.662022          0.763845 stable player ID    2000 minimum of PA_t and PA_t+1
         Defense      100-249      507        346 0.458673        0.371046         0.536311  0.462523         0.382812          0.539825 stable player ID    2000 minimum of PA_t and PA_t+1
           Speed      100-249      507        346 0.512403        0.443751         0.577984  0.533379         0.459170          0.603277 stable player ID    2000 minimum of PA_t and PA_t+1
         Contact      250-499      567        318 0.759535        0.711137         0.800687  0.747346         0.698553          0.786943 stable player ID    2000 minimum of PA_t and PA_t+1
           Power      250-499      567        318 0.753628        0.693574         0.803244  0.736818         0.679581          0.781776 stable player ID    2000 minimum of PA_t and PA_t+1
Plate Discipline      250-499      567        318 0.780638        0.741168         0.815574  0.765859         0.715802          0.807442 stable player ID    2000 minimum of PA_t and PA_t+1
         Defense      250-499      567        318 0.609208        0.520081         0.681759  0.565720         0.490929          0.635278 stable player ID    2000 minimum of PA_t and PA_t+1
           Speed      250-499      567        318 0.654713        0.597647         0.705906  0.639503         0.569804          0.699737 stable player ID    2000 minimum of PA_t and PA_t+1
         Contact At least 500      340        165 0.784287        0.713021         0.836649  0.775561         0.701234          0.828262 stable player ID    2000 minimum of PA_t and PA_t+1
           Power At least 500      340        165 0.800674        0.739610         0.846815  0.788722         0.723509          0.837717 stable player ID    2000 minimum of PA_t and PA_t+1
Plate Discipline At least 500      340        165 0.805574        0.729374         0.860239  0.757659         0.674503          0.818588 stable player ID    2000 minimum of PA_t and PA_t+1
         Defense At least 500      340        165 0.634759        0.551908         0.699259  0.661158         0.575898          0.726412 stable player ID    2000 minimum of PA_t and PA_t+1
           Speed At least 500      340        165 0.688055        0.609981         0.750255  0.703184         0.625296          0.760912 stable player ID    2000 minimum of PA_t and PA_t+1
